7
2
2
2
2
2
2
2
2
2
17
2
2
2
2
2
2
2
2
2
2
2
2
2
2

2
19
2
3
3
13
13
7

